{
  "user_name": "mongolmongol2022",
  "passward": "test"
}