{
  "user_name": "mongolmongol2022",
  "password": "test"
}